
> whistle-connect-client@0.0.0 build
> tsc -b && vite build

[36mvite v5.4.21 [32mbuilding for production...[36m[39m
transforming...
[32m✓[39m 3 modules transformed.
[31mx[39m Build failed in 186ms
[31merror during build:
[31m[vite]: Rollup failed to resolve import "react-dom/client" from "C:/Users/peaco/OneDrive/Desktop/antigravity/whistle-connect-rebuild/client/src/main.tsx".
This is most likely unintended because it can break your application at runtime.
If you do want to externalize this module explicitly add it to
`build.rollupOptions.external`[31m
    at viteWarn (file:///C:/Users/peaco/OneDrive/Desktop/antigravity/whistle-connect-rebuild/client/node_modules/vite/dist/node/chunks/dep-BK3b2jBa.js:65855:17)
    at onwarn (file:///C:/Users/peaco/OneDrive/Desktop/antigravity/whistle-connect-rebuild/client/node_modules/@vitejs/plugin-react/dist/index.js:90:7)
    at onRollupWarning (file:///C:/Users/peaco/OneDrive/Desktop/antigravity/whistle-connect-rebuild/client/node_modules/vite/dist/node/chunks/dep-BK3b2jBa.js:65885:5)
    at onwarn (file:///C:/Users/peaco/OneDrive/Desktop/antigravity/whistle-connect-rebuild/client/node_modules/vite/dist/node/chunks/dep-BK3b2jBa.js:65550:7)
    at file:///C:/Users/peaco/OneDrive/Desktop/antigravity/whistle-connect-rebuild/client/node_modules/rollup/dist/es/shared/node-entry.js:20975:13
    at Object.logger [as onLog] (file:///C:/Users/peaco/OneDrive/Desktop/antigravity/whistle-connect-rebuild/client/node_modules/rollup/dist/es/shared/node-entry.js:22848:9)
    at ModuleLoader.handleInvalidResolvedId (file:///C:/Users/peaco/OneDrive/Desktop/antigravity/whistle-connect-rebuild/client/node_modules/rollup/dist/es/shared/node-entry.js:21592:26)
    at file:///C:/Users/peaco/OneDrive/Desktop/antigravity/whistle-connect-rebuild/client/node_modules/rollup/dist/es/shared/node-entry.js:21550:26[39m
