src/hooks/use-toast.ts(4,7): error TS6133: 'TOAST_REMOVE_DELAY' is declared but its value is never read.
src/hooks/use-toast.ts(20,6): error TS6196: 'ActionType' is declared but never used.
src/lib/gamification.ts(1,1): error TS6192: All imports in import declaration are unused.
src/lib/gamification.ts(2,1): error TS6192: All imports in import declaration are unused.
src/lib/gamification.ts(10,36): error TS6133: 'userId' is declared but its value is never read.
src/pages/dashboard.tsx(1,8): error TS6133: 'React' is declared but its value is never read.
src/pages/dashboard.tsx(27,14): error TS6133: 'setLocation' is declared but its value is never read.
src/shared/schema.ts(1,42): error TS6133: 'boolean' is declared but its value is never read.
src/shared/schema.ts(1,62): error TS6133: 'jsonb' is declared but its value is never read.
src/shared/schema.ts(2,1): error TS6133: 'createInsertSchema' is declared but its value is never read.
src/shared/schema.ts(3,1): error TS6133: 'z' is declared but its value is never read.
