
> whistle-connect@0.1.0 build
> next build

ÔÜá Warning: Next.js inferred your workspace root, but it may not be correct.
 We detected multiple lockfiles and selected the directory of C:\Users\peaco\package-lock.json as the root directory.
 To silence this warning, set `turbopack.root` in your Next.js config, or consider removing one of the lockfiles if it's not needed.
   See https://nextjs.org/docs/app/api-reference/config/next-config-js/turbopack#root-directory for more information.
 Detected additional lockfiles: 
   * C:\Users\peaco\Documents\Antigravity\whistle-connect\whistle-connect\package-lock.json

Ôû▓ Next.js 16.1.1 (Turbopack)
- Environments: .env.local

ÔÜá The "middleware" file convention is deprecated. Please use "proxy" instead. Learn more: https://nextjs.org/docs/messages/middleware-to-proxy
  Creating an optimized production build ...
Ô£ô Compiled successfully in 2.6s
  Running TypeScript ...
Failed to compile.

./src/components/ui/StatusChip.tsx:15:7
Type error: Property 'accepted_priced' is missing in type '{ draft: { label: string; colors: string; }; pending: { label: string; colors: string; }; offered: { label: string; colors: string; }; confirmed: { label: string; colors: string; }; completed: { label: string; colors: string; }; ... 11 more ...; admin: { ...; }; }' but required in type 'Record<StatusType, { label: string; colors: string; }>'.

  13 | }
  14 |
> 15 | const statusConfig: Record<StatusType, { label: string; colors: string }> = {
     |       ^
  16 |     // Booking statuses
  17 |     draft: {
  18 |         label: 'Draft',
Next.js build worker exited with code: 1 and signal: null
